memExample.p(   16) : 0x0000 = Label      : START:
memExample.p(   17) : 0x0000 = 0x1f05fefe :     SET      r30.t5
memExample.p(   18) : 0x0001 = 0x24004cc0 :     MOV      r0, 50 * 1000 * (200 / 2)
memExample.p(   18) : 0x0002 = 0x244b4080 :     MOV      r0, 50 * 1000 * (200 / 2)
memExample.p(   19) : 0x0003 = Label      : DELAYON:
memExample.p(   20) : 0x0003 = 0x0501e0e0 :     SUB      r0, r0, 1
memExample.p(   21) : 0x0004 = 0x6f00e0ff :     QBNE     DELAYON, r0, 0
memExample.p(   22) : 0x0005 = Label      : LEDOFF:
memExample.p(   23) : 0x0005 = 0x1d05fefe :     CLR      r30.t5
memExample.p(   24) : 0x0006 = 0x24004cc0 :     MOV      r0, 50 * 1000 * (200 / 2)
memExample.p(   24) : 0x0007 = 0x244b4080 :     MOV      r0, 50 * 1000 * (200 / 2)
memExample.p(   25) : 0x0008 = Label      : DELAYOFF:
memExample.p(   26) : 0x0008 = 0x0501e0e0 :     SUB      r0, r0, 1
memExample.p(   27) : 0x0009 = 0x6f00e0ff :     QBNE     DELAYOFF, r0, 0
memExample.p(   29) : 0x000a = 0xcf03fff6 :     QBBC     START, r31.t3
memExample.p(   31) : 0x000b = Label      : END:
memExample.p(   32) : 0x000b = Label      : MEMORYTEST:
memExample.p(   33) : 0x000b = 0x240025e1 :     MOV      r1, 0x25
memExample.p(   34) : 0x000c = 0x240004e2 :     MOV      r2, 0b100
memExample.p(   35) : 0x000d = 0x0105e1e1 :     ADD      r1, r1, 5
memExample.p(   36) : 0x000e = 0x0110e2e2 :     ADD      r2, r2, 1<<4
memExample.p(   37) : 0x000f = 0x0081e2e1 :     ADD      r1, r2, r1.w0
memExample.p(   38) : 0x0010 = 0x242000e0 :     MOV      r0, 0x00002000
memExample.p(   39) : 0x0011 = 0xe1042081 :     SBBO     r1, r0, 4, 4
memExample.p(   41) : 0x0012 = 0x2400231f :     MOV      R31.b0, 32 | 3
memExample.p(   42) : 0x0013 = 0x2a000000 :     HALT     
