******************************************************************************
                     PRU Linker Unix v2.0.0                    
******************************************************************************
>> Linked Sat Mar 28 11:37:56 2015

OUTPUT FILE NAME:   <testPRU.out>
ENTRY POINT SYMBOL: "_c_int00_noinit_noargs_noexit"  address: 00000000


MEMORY CONFIGURATION

         name            origin    length      used     unused   attr    fill
----------------------  --------  ---------  --------  --------  ----  --------
PAGE 0:
  PRUIMEM               00000000   00001000  000000c8  00000f38  RWIX

PAGE 1:
  PRUDMEM               00000000   00001000  00000108  00000ef8  RWIX


SECTION ALLOCATION MAP

 output                                  attributes/
section   page    origin      length       input sections
--------  ----  ----------  ----------   ----------------
.text:_c_int00* 
*          0    00000000    00000014     
                  00000000    00000014     rtspruv3_le.lib : boot_special.obj (.text:_c_int00_noinit_noargs_noexit)

.stack     1    00000000    00000100     UNINITIALIZED
                  00000000    00000004     rtspruv3_le.lib : boot.obj (.stack)
                  00000004    000000fc     --HOLE--

.bss       1    00000100    00000004     UNINITIALIZED
                  00000100    00000004     testPRU.obj (.bss)

.data      1    00000104    00000004     
                  00000104    00000004     testPRU.obj (.data)

.cinit     1    00000000    00000000     UNINITIALIZED

.text      0    00000014    000000b4     
                  00000014    000000a4     testPRU.obj (.text:main)
                  000000b8    00000008     rtspruv3_le.lib : exit.obj (.text:abort)
                  000000c0    00000008                     : exit.obj (.text:loader_exit)


SEGMENT ATTRIBUTES

    id tag      seg value
    -- ---      --- -----
     0 PHA_PAGE 1   1    
     1 PHA_PAGE 2   1    


GLOBAL SYMBOLS: SORTED ALPHABETICALLY BY Name 

address    name
--------   ----
000000c0   C$$EXIT
00000100   __TI_STACK_END
00000100   __TI_STACK_SIZE
00000001   __TI_args_main
00000001   __TI_auto_init
00000001   __TI_c_int00
00000001   __TI_exit
ffffffff   __binit__
ffffffff   __c_args__
00000000   _c_int00_noinit_noargs_noexit
00000000   _stack
000000b8   abort
ffffffff   binit
00000104   delay
00000100   i
00000014   main


GLOBAL SYMBOLS: SORTED BY Symbol Address 

address    name
--------   ----
00000000   _c_int00_noinit_noargs_noexit
00000000   _stack
00000001   __TI_args_main
00000001   __TI_auto_init
00000001   __TI_c_int00
00000001   __TI_exit
00000014   main
000000b8   abort
000000c0   C$$EXIT
00000100   __TI_STACK_END
00000100   __TI_STACK_SIZE
00000100   i
00000104   delay
ffffffff   __binit__
ffffffff   __c_args__
ffffffff   binit

[16 symbols]
